------------------------------------------------------------
TimeQuest Timing Analyzer Summary
------------------------------------------------------------

Type  : Slow 1200mV 85C Model Setup 'decrease_clock:decrease_clock_instance|clk_out'
Slack : -13.988
TNS   : -1102.221

Type  : Slow 1200mV 85C Model Setup 'decrease_clock:decrease_clock_instance|clk_out_high'
Slack : -5.039
TNS   : -548.324

Type  : Slow 1200mV 85C Model Setup 'lcd_module:lcd_module_instance|iic_clk_out'
Slack : -4.555
TNS   : -216.773

Type  : Slow 1200mV 85C Model Setup 'clk'
Slack : -4.362
TNS   : -201.961

Type  : Slow 1200mV 85C Model Hold 'decrease_clock:decrease_clock_instance|clk_out'
Slack : 0.435
TNS   : 0.000

Type  : Slow 1200mV 85C Model Hold 'decrease_clock:decrease_clock_instance|clk_out_high'
Slack : 0.437
TNS   : 0.000

Type  : Slow 1200mV 85C Model Hold 'lcd_module:lcd_module_instance|iic_clk_out'
Slack : 0.450
TNS   : 0.000

Type  : Slow 1200mV 85C Model Hold 'clk'
Slack : 0.625
TNS   : 0.000

Type  : Slow 1200mV 85C Model Minimum Pulse Width 'clk'
Slack : -3.201
TNS   : -152.358

Type  : Slow 1200mV 85C Model Minimum Pulse Width 'decrease_clock:decrease_clock_instance|clk_out'
Slack : -1.487
TNS   : -492.197

Type  : Slow 1200mV 85C Model Minimum Pulse Width 'decrease_clock:decrease_clock_instance|clk_out_high'
Slack : -1.487
TNS   : -230.485

Type  : Slow 1200mV 85C Model Minimum Pulse Width 'lcd_module:lcd_module_instance|iic_clk_out'
Slack : -1.487
TNS   : -127.882

Type  : Slow 1200mV 0C Model Setup 'decrease_clock:decrease_clock_instance|clk_out'
Slack : -12.951
TNS   : -1011.554

Type  : Slow 1200mV 0C Model Setup 'decrease_clock:decrease_clock_instance|clk_out_high'
Slack : -4.651
TNS   : -506.107

Type  : Slow 1200mV 0C Model Setup 'clk'
Slack : -4.076
TNS   : -176.832

Type  : Slow 1200mV 0C Model Setup 'lcd_module:lcd_module_instance|iic_clk_out'
Slack : -4.050
TNS   : -193.501

Type  : Slow 1200mV 0C Model Hold 'lcd_module:lcd_module_instance|iic_clk_out'
Slack : 0.364
TNS   : 0.000

Type  : Slow 1200mV 0C Model Hold 'decrease_clock:decrease_clock_instance|clk_out'
Slack : 0.384
TNS   : 0.000

Type  : Slow 1200mV 0C Model Hold 'decrease_clock:decrease_clock_instance|clk_out_high'
Slack : 0.386
TNS   : 0.000

Type  : Slow 1200mV 0C Model Hold 'clk'
Slack : 0.677
TNS   : 0.000

Type  : Slow 1200mV 0C Model Minimum Pulse Width 'clk'
Slack : -3.201
TNS   : -152.358

Type  : Slow 1200mV 0C Model Minimum Pulse Width 'decrease_clock:decrease_clock_instance|clk_out'
Slack : -1.487
TNS   : -492.197

Type  : Slow 1200mV 0C Model Minimum Pulse Width 'decrease_clock:decrease_clock_instance|clk_out_high'
Slack : -1.487
TNS   : -230.485

Type  : Slow 1200mV 0C Model Minimum Pulse Width 'lcd_module:lcd_module_instance|iic_clk_out'
Slack : -1.487
TNS   : -127.882

Type  : Fast 1200mV 0C Model Setup 'decrease_clock:decrease_clock_instance|clk_out'
Slack : -5.484
TNS   : -297.362

Type  : Fast 1200mV 0C Model Setup 'decrease_clock:decrease_clock_instance|clk_out_high'
Slack : -1.612
TNS   : -152.711

Type  : Fast 1200mV 0C Model Setup 'lcd_module:lcd_module_instance|iic_clk_out'
Slack : -1.388
TNS   : -48.164

Type  : Fast 1200mV 0C Model Setup 'clk'
Slack : -1.323
TNS   : -41.190

Type  : Fast 1200mV 0C Model Hold 'clk'
Slack : 0.101
TNS   : 0.000

Type  : Fast 1200mV 0C Model Hold 'lcd_module:lcd_module_instance|iic_clk_out'
Slack : 0.169
TNS   : 0.000

Type  : Fast 1200mV 0C Model Hold 'decrease_clock:decrease_clock_instance|clk_out_high'
Slack : 0.175
TNS   : 0.000

Type  : Fast 1200mV 0C Model Hold 'decrease_clock:decrease_clock_instance|clk_out'
Slack : 0.178
TNS   : 0.000

Type  : Fast 1200mV 0C Model Minimum Pulse Width 'clk'
Slack : -3.000
TNS   : -90.362

Type  : Fast 1200mV 0C Model Minimum Pulse Width 'decrease_clock:decrease_clock_instance|clk_out'
Slack : -1.000
TNS   : -331.000

Type  : Fast 1200mV 0C Model Minimum Pulse Width 'decrease_clock:decrease_clock_instance|clk_out_high'
Slack : -1.000
TNS   : -155.000

Type  : Fast 1200mV 0C Model Minimum Pulse Width 'lcd_module:lcd_module_instance|iic_clk_out'
Slack : -1.000
TNS   : -86.000

------------------------------------------------------------
